>>> add2 = __import__("0-add_integer").add_integer
>>> add2(98)
196
>>> add2(-8)
90
>>> add2(40,20)
60
>>> add2("hi",20)
Traceback (most recent call last):
  File "<stdin>", line 1, in <module>
  File "/alu-higher_level_programming/python-test_driven_development/0-add_integer.py", line 10, in add_integer
    raise TypeError("a must be an integer")
TypeError: a must be an integer
>>> add2(30,-10)
20
