>>> name = __import__("3-say_my_name").say_my_name
>>> name("John", "Smith")
My name is John Smith
>>> name("John")
My name is John 
>>> name(6)
Traceback (most recent call last):
TypeError: first_name must be a string
>>> name("John", True)
Traceback (most recent call last):
TypeError: last_name must be a string
>>> name()
Traceback (most recent call last):
TypeError: say_my_name() missing 1 required positional argument: 'first_name'
