>>> square = __import__("4-print_square").print_square
>>> square(4)
####
####
####
####
>>> square(-2)
Traceback (most recent call last):
  File "<stdin>", line 1, in <module>
  File "/alu-higher_level_programming/python-test_driven_development/4-print_square.py", line 12, in print_square
    raise ValueError("size must be >= 0")
ValueError: size must be >= 0
>>> square(0)
>>> square(2.4
... )
Traceback (most recent call last):
  File "<stdin>", line 1, in <module>
  File "/alu-higher_level_programming/python-test_driven_development/4-print_square.py", line 10, in print_square
    raise TypeError("size must be an integer")
TypeError: size must be an integer
>>> square(-2.4)
Traceback (most recent call last):
  File "<stdin>", line 1, in <module>
  File "/alu-higher_level_programming/python-test_driven_development/4-print_square.py", line 10, in print_square
    raise TypeError("size must be an integer")
TypeError: size must be an integer
>>> square()
Traceback (most recent call last):
  File "<stdin>", line 1, in <module>
TypeError: print_square() missing 1 required positional argument: 'size'
